{
  "Entries": [
    {
      "RequestUri": "https://management.azure.com/subscriptions/0b1f6471-1bf0-4dda-aec3-cb9272f09590?api-version=2021-01-01",
      "RequestMethod": "GET",
      "RequestHeaders": {
        "Accept": "application/json",
        "Authorization": "Sanitized",
        "traceparent": "00-71a7ea839b92a11eb06befd31c6916fa-02ec1a7ab02749cb-00",
        "User-Agent": "azsdk-net-ResourceManager/1.1.0-alpha.20220622.5 (.NET 6.0.6; Microsoft Windows 10.0.19044)",
        "x-ms-client-request-id": "2951f6ab15bd6c0368e767ace7a420e2",
        "x-ms-return-client-request-id": "true"
      },
      "RequestBody": null,
      "StatusCode": 200,
      "ResponseHeaders": {
        "Cache-Control": "no-cache",
        "Content-Length": "453",
        "Content-Type": "application/json; charset=utf-8",
        "Date": "Thu, 23 Jun 2022 02:55:18 GMT",
        "Expires": "-1",
        "Pragma": "no-cache",
        "Strict-Transport-Security": "max-age=31536000; includeSubDomains",
        "X-Content-Type-Options": "nosniff",
        "x-ms-correlation-request-id": "4735d727-33d6-45e3-9052-d20c744028a0",
        "x-ms-ratelimit-remaining-subscription-reads": "11591",
        "x-ms-request-id": "4735d727-33d6-45e3-9052-d20c744028a0",
        "x-ms-routing-request-id": "SOUTHEASTASIA:20220623T025519Z:4735d727-33d6-45e3-9052-d20c744028a0"
      },
      "ResponseBody": {
        "id": "/subscriptions/0b1f6471-1bf0-4dda-aec3-cb9272f09590",
        "authorizationSource": "RoleBased",
        "managedByTenants": [
          {
            "tenantId": "2f4a9838-26b7-47ee-be60-ccc1fdec5953"
          }
        ],
        "tags": {},
        "subscriptionId": "0b1f6471-1bf0-4dda-aec3-cb9272f09590",
        "tenantId": "54826b22-38d6-4fb2-bad9-b7b93a3e9c5a",
        "displayName": "AzureSDKTest",
        "state": "Enabled",
        "subscriptionPolicies": {
          "locationPlacementId": "Internal_2014-09-01",
          "quotaId": "Internal_2014-09-01",
          "spendingLimit": "Off"
        }
      }
    },
    {
      "RequestUri": "https://management.azure.com/subscriptions/0b1f6471-1bf0-4dda-aec3-cb9272f09590/resourcegroups/testRg-5-7486?api-version=2021-04-01",
      "RequestMethod": "PUT",
      "RequestHeaders": {
        "Accept": "application/json",
        "Authorization": "Sanitized",
        "Content-Length": "22",
        "Content-Type": "application/json",
        "traceparent": "00-7c8b907fbd3d329fbb3fd8bfed50c806-81cbc1ce8b33618c-00",
        "User-Agent": "azsdk-net-ResourceManager/1.1.0-alpha.20220622.5 (.NET 6.0.6; Microsoft Windows 10.0.19044)",
        "x-ms-client-request-id": "a0dadd8c3c991cf41390345cd39d87b0",
        "x-ms-return-client-request-id": "true"
      },
      "RequestBody": {
        "location": "westus2"
      },
      "StatusCode": 201,
      "ResponseHeaders": {
        "Cache-Control": "no-cache",
        "Content-Length": "224",
        "Content-Type": "application/json; charset=utf-8",
        "Date": "Thu, 23 Jun 2022 02:55:19 GMT",
        "Expires": "-1",
        "Pragma": "no-cache",
        "Strict-Transport-Security": "max-age=31536000; includeSubDomains",
        "X-Content-Type-Options": "nosniff",
        "x-ms-correlation-request-id": "94fbfac3-4c22-4387-b9aa-be22459f07df",
        "x-ms-ratelimit-remaining-subscription-writes": "1118",
        "x-ms-request-id": "94fbfac3-4c22-4387-b9aa-be22459f07df",
        "x-ms-routing-request-id": "SOUTHEASTASIA:20220623T025520Z:94fbfac3-4c22-4387-b9aa-be22459f07df"
      },
      "ResponseBody": {
        "id": "/subscriptions/0b1f6471-1bf0-4dda-aec3-cb9272f09590/resourceGroups/testRg-5-7486",
        "name": "testRg-5-7486",
        "type": "Microsoft.Resources/resourceGroups",
        "location": "westus2",
        "properties": {
          "provisioningState": "Succeeded"
        }
      }
    },
    {
      "RequestUri": "https://management.azure.com/subscriptions/0b1f6471-1bf0-4dda-aec3-cb9272f09590/resourcegroups/testRg-5-7486/providers/Microsoft.Resources/deployments/testDeploymentWhatIf/whatIf?api-version=2021-04-01",
      "RequestMethod": "POST",
      "RequestHeaders": {
        "Accept": "application/json",
        "Authorization": "Sanitized",
        "Content-Length": "1480",
        "Content-Type": "application/json",
        "traceparent": "00-6567a8e8b86c736f31e08e357081fd44-0ba0e06ab51e115e-00",
        "User-Agent": "azsdk-net-ResourceManager.Resources/1.2.0-alpha.20220623.1 (.NET 6.0.6; Microsoft Windows 10.0.19044)",
        "x-ms-client-request-id": "140834c6c4f6da3448b7d5bd01b0dbf4",
        "x-ms-return-client-request-id": "true"
      },
      "RequestBody": {
        "properties": {
          "template": {
            "$schema": "https://schema.management.azure.com/schemas/2019-04-01/deploymentTemplate.json#",
            "contentVersion": "1.0.0.0",
            "metadata": {
              "_generator": {
                "name": "bicep",
                "version": "0.4.1008.15138",
                "templateHash": "104821603399126558"
              }
            },
            "parameters": {
              "storageAccountType": {
                "type": "string",
                "defaultValue": "Standard_LRS",
                "allowedValues": [
                  "Premium_LRS",
                  "Premium_ZRS",
                  "Standard_GRS",
                  "Standard_GZRS",
                  "Standard_LRS",
                  "Standard_RAGRS",
                  "Standard_RAGZRS",
                  "Standard_ZRS"
                ],
                "metadata": {
                  "description": "Storage Account type"
                }
              },
              "location": {
                "type": "string",
                "defaultValue": "[resourceGroup().location]",
                "metadata": {
                  "description": "Location for all resources."
                }
              },
              "storageAccountName": {
                "type": "string",
                "defaultValue": "[format(\u0027store{0}\u0027, uniqueString(resourceGroup().id))]",
                "metadata": {
                  "description": "The name of the Storage Account"
                }
              }
            },
            "functions": [],
            "resources": [
              {
                "type": "Microsoft.Storage/storageAccounts",
                "apiVersion": "2021-04-01",
                "name": "[parameters(\u0027storageAccountName\u0027)]",
                "location": "[parameters(\u0027location\u0027)]",
                "sku": {
                  "name": "[parameters(\u0027storageAccountType\u0027)]"
                },
                "kind": "StorageV2",
                "properties": {}
              }
            ],
            "outputs": {
              "storageAccountName": {
                "type": "string",
                "value": "[parameters(\u0027storageAccountName\u0027)]"
              },
              "storageAccountId": {
                "type": "string",
                "value": "[resourceId(\u0027Microsoft.Storage/storageAccounts\u0027, parameters(\u0027storageAccountName\u0027))]"
              }
            }
          },
          "parameters": {
            "storageAccountType": {
              "value": "Standard_GRS"
            }
          },
          "mode": "Incremental"
        }
      },
      "StatusCode": 202,
      "ResponseHeaders": {
        "Cache-Control": "no-cache",
        "Content-Length": "0",
        "Date": "Thu, 23 Jun 2022 02:55:20 GMT",
        "Expires": "-1",
        "Location": "https://management.azure.com/subscriptions/0b1f6471-1bf0-4dda-aec3-cb9272f09590/operationresults/eyJqb2JJZCI6IkRlcGxveW1lbnRXaGF0SWZKb2ItVEVTVFJHOjJENToyRDc0ODYtVEVTVERFUExPWU1FTlRXSEFUSUYtMjZGMUMxRkM6MkQ0NkRDOjJENDA3MToyRDlEQTc6MkQ3MUI2NDg3MzM0QzkiLCJqb2JMb2NhdGlvbiI6Indlc3R1czIifQ?api-version=2021-04-01",
        "Pragma": "no-cache",
        "Retry-After": "15",
        "Strict-Transport-Security": "max-age=31536000; includeSubDomains",
        "X-Content-Type-Options": "nosniff",
        "x-ms-correlation-request-id": "26f1c1fc-46dc-4071-9da7-71b6487334c9",
        "x-ms-ratelimit-remaining-subscription-writes": "1198",
        "x-ms-request-id": "26f1c1fc-46dc-4071-9da7-71b6487334c9",
        "x-ms-routing-request-id": "SOUTHEASTASIA:20220623T025521Z:26f1c1fc-46dc-4071-9da7-71b6487334c9"
      },
      "ResponseBody": null
    },
    {
      "RequestUri": "https://management.azure.com/subscriptions/0b1f6471-1bf0-4dda-aec3-cb9272f09590/operationresults/eyJqb2JJZCI6IkRlcGxveW1lbnRXaGF0SWZKb2ItVEVTVFJHOjJENToyRDc0ODYtVEVTVERFUExPWU1FTlRXSEFUSUYtMjZGMUMxRkM6MkQ0NkRDOjJENDA3MToyRDlEQTc6MkQ3MUI2NDg3MzM0QzkiLCJqb2JMb2NhdGlvbiI6Indlc3R1czIifQ?api-version=2021-04-01",
      "RequestMethod": "GET",
      "RequestHeaders": {
        "Authorization": "Sanitized",
        "traceparent": "00-6567a8e8b86c736f31e08e357081fd44-55da863aa9aa0ff4-00",
        "User-Agent": "azsdk-net-ResourceManager/1.1.0-alpha.20220622.5 (.NET 6.0.6; Microsoft Windows 10.0.19044)",
        "x-ms-client-request-id": "6f20fbe0ce17c777a9ff57e267361b62",
        "x-ms-return-client-request-id": "true"
      },
      "RequestBody": null,
      "StatusCode": 202,
      "ResponseHeaders": {
        "Cache-Control": "no-cache",
        "Content-Length": "0",
        "Date": "Thu, 23 Jun 2022 02:55:21 GMT",
        "Expires": "-1",
        "Location": "https://management.azure.com/subscriptions/0b1f6471-1bf0-4dda-aec3-cb9272f09590/operationresults/eyJqb2JJZCI6IkRlcGxveW1lbnRXaGF0SWZKb2ItVEVTVFJHOjJENToyRDc0ODYtVEVTVERFUExPWU1FTlRXSEFUSUYtMjZGMUMxRkM6MkQ0NkRDOjJENDA3MToyRDlEQTc6MkQ3MUI2NDg3MzM0QzkiLCJqb2JMb2NhdGlvbiI6Indlc3R1czIifQ?api-version=2021-04-01",
        "Pragma": "no-cache",
        "Retry-After": "15",
        "Strict-Transport-Security": "max-age=31536000; includeSubDomains",
        "X-Content-Type-Options": "nosniff",
        "x-ms-correlation-request-id": "16aa1127-812a-496b-ad6a-a5ba71154bea",
        "x-ms-ratelimit-remaining-subscription-reads": "11590",
        "x-ms-request-id": "16aa1127-812a-496b-ad6a-a5ba71154bea",
        "x-ms-routing-request-id": "SOUTHEASTASIA:20220623T025522Z:16aa1127-812a-496b-ad6a-a5ba71154bea"
      },
      "ResponseBody": null
    },
    {
      "RequestUri": "https://management.azure.com/subscriptions/0b1f6471-1bf0-4dda-aec3-cb9272f09590/operationresults/eyJqb2JJZCI6IkRlcGxveW1lbnRXaGF0SWZKb2ItVEVTVFJHOjJENToyRDc0ODYtVEVTVERFUExPWU1FTlRXSEFUSUYtMjZGMUMxRkM6MkQ0NkRDOjJENDA3MToyRDlEQTc6MkQ3MUI2NDg3MzM0QzkiLCJqb2JMb2NhdGlvbiI6Indlc3R1czIifQ?api-version=2021-04-01",
      "RequestMethod": "GET",
      "RequestHeaders": {
        "Authorization": "Sanitized",
        "traceparent": "00-6567a8e8b86c736f31e08e357081fd44-7cc35e4c78b470b9-00",
        "User-Agent": "azsdk-net-ResourceManager/1.1.0-alpha.20220622.5 (.NET 6.0.6; Microsoft Windows 10.0.19044)",
        "x-ms-client-request-id": "d15a40b4b9cb7c29224fb6ea1aae0c38",
        "x-ms-return-client-request-id": "true"
      },
      "RequestBody": null,
      "StatusCode": 200,
      "ResponseHeaders": {
        "Cache-Control": "no-cache",
        "Content-Length": "615",
        "Content-Type": "application/json; charset=utf-8",
        "Date": "Thu, 23 Jun 2022 02:55:37 GMT",
        "Expires": "-1",
        "Pragma": "no-cache",
        "Strict-Transport-Security": "max-age=31536000; includeSubDomains",
        "X-Content-Type-Options": "nosniff",
        "x-ms-correlation-request-id": "967f00df-274a-46c5-8ea5-152b2255d421",
        "x-ms-ratelimit-remaining-subscription-reads": "11589",
        "x-ms-request-id": "967f00df-274a-46c5-8ea5-152b2255d421",
        "x-ms-routing-request-id": "SOUTHEASTASIA:20220623T025537Z:967f00df-274a-46c5-8ea5-152b2255d421"
      },
      "ResponseBody": {
        "status": "Succeeded",
        "properties": {
          "correlationId": "26f1c1fc-46dc-4071-9da7-71b6487334c9",
          "changes": [
            {
              "resourceId": "/subscriptions/0b1f6471-1bf0-4dda-aec3-cb9272f09590/resourceGroups/testRg-5-7486/providers/Microsoft.Storage/storageAccounts/storexh3a43edcy7wi",
              "changeType": "Create",
              "after": {
                "apiVersion": "2021-04-01",
                "id": "/subscriptions/0b1f6471-1bf0-4dda-aec3-cb9272f09590/resourceGroups/testRg-5-7486/providers/Microsoft.Storage/storageAccounts/storexh3a43edcy7wi",
                "kind": "StorageV2",
                "location": "westus2",
                "name": "storexh3a43edcy7wi",
                "sku": {
                  "name": "Standard_GRS"
                },
                "type": "Microsoft.Storage/storageAccounts"
              }
            }
          ]
        }
      }
    }
  ],
  "Variables": {
    "RandomSeed": "224127313",
    "RESOURCE_MANAGER_URL": "https://management.azure.com/",
    "SUBSCRIPTION_ID": "0b1f6471-1bf0-4dda-aec3-cb9272f09590"
  }
}
