{
  "Entries": [
    {
      "RequestUri": "https://management.azure.com/subscriptions/0b1f6471-1bf0-4dda-aec3-cb9272f09590?api-version=2021-01-01",
      "RequestMethod": "GET",
      "RequestHeaders": {
        "Accept": "application/json",
        "Authorization": "Sanitized",
        "traceparent": "00-ad7c087600c8f85446f887df57433648-45b0542356cdf920-00",
        "User-Agent": "azsdk-net-ResourceManager/1.1.0-alpha.20220622.5 (.NET 6.0.6; Microsoft Windows 10.0.19044)",
        "x-ms-client-request-id": "cad11c9b630d8b7d6880434dd2dd772c",
        "x-ms-return-client-request-id": "true"
      },
      "RequestBody": null,
      "StatusCode": 200,
      "ResponseHeaders": {
        "Cache-Control": "no-cache",
        "Content-Length": "453",
        "Content-Type": "application/json; charset=utf-8",
        "Date": "Thu, 23 Jun 2022 02:43:20 GMT",
        "Expires": "-1",
        "Pragma": "no-cache",
        "Strict-Transport-Security": "max-age=31536000; includeSubDomains",
        "X-Content-Type-Options": "nosniff",
        "x-ms-correlation-request-id": "687accea-a12d-41e4-95ff-0c9deb8fc7eb",
        "x-ms-ratelimit-remaining-subscription-reads": "11815",
        "x-ms-request-id": "687accea-a12d-41e4-95ff-0c9deb8fc7eb",
        "x-ms-routing-request-id": "SOUTHEASTASIA:20220623T024321Z:687accea-a12d-41e4-95ff-0c9deb8fc7eb"
      },
      "ResponseBody": {
        "id": "/subscriptions/0b1f6471-1bf0-4dda-aec3-cb9272f09590",
        "authorizationSource": "RoleBased",
        "managedByTenants": [
          {
            "tenantId": "2f4a9838-26b7-47ee-be60-ccc1fdec5953"
          }
        ],
        "tags": {},
        "subscriptionId": "0b1f6471-1bf0-4dda-aec3-cb9272f09590",
        "tenantId": "54826b22-38d6-4fb2-bad9-b7b93a3e9c5a",
        "displayName": "AzureSDKTest",
        "state": "Enabled",
        "subscriptionPolicies": {
          "locationPlacementId": "Internal_2014-09-01",
          "quotaId": "Internal_2014-09-01",
          "spendingLimit": "Off"
        }
      }
    },
    {
      "RequestUri": "https://management.azure.com/subscriptions/0b1f6471-1bf0-4dda-aec3-cb9272f09590/resourcegroups/testRg-1-3911?api-version=2021-04-01",
      "RequestMethod": "PUT",
      "RequestHeaders": {
        "Accept": "application/json",
        "Authorization": "Sanitized",
        "Content-Length": "22",
        "Content-Type": "application/json",
        "traceparent": "00-e1eee375d652b0f217d1535b6866217a-5129d03d39b41c9a-00",
        "User-Agent": "azsdk-net-ResourceManager/1.1.0-alpha.20220622.5 (.NET 6.0.6; Microsoft Windows 10.0.19044)",
        "x-ms-client-request-id": "65745f0bc15b9a0716bee13e547fce39",
        "x-ms-return-client-request-id": "true"
      },
      "RequestBody": {
        "location": "westus2"
      },
      "StatusCode": 201,
      "ResponseHeaders": {
        "Cache-Control": "no-cache",
        "Content-Length": "224",
        "Content-Type": "application/json; charset=utf-8",
        "Date": "Thu, 23 Jun 2022 02:43:21 GMT",
        "Expires": "-1",
        "Pragma": "no-cache",
        "Strict-Transport-Security": "max-age=31536000; includeSubDomains",
        "X-Content-Type-Options": "nosniff",
        "x-ms-correlation-request-id": "bb26399c-0563-48b1-b601-76c3f5c87163",
        "x-ms-ratelimit-remaining-subscription-writes": "1148",
        "x-ms-request-id": "bb26399c-0563-48b1-b601-76c3f5c87163",
        "x-ms-routing-request-id": "SOUTHEASTASIA:20220623T024321Z:bb26399c-0563-48b1-b601-76c3f5c87163"
      },
      "ResponseBody": {
        "id": "/subscriptions/0b1f6471-1bf0-4dda-aec3-cb9272f09590/resourceGroups/testRg-1-3911",
        "name": "testRg-1-3911",
        "type": "Microsoft.Resources/resourceGroups",
        "location": "westus2",
        "properties": {
          "provisioningState": "Succeeded"
        }
      }
    },
    {
      "RequestUri": "https://management.azure.com/subscriptions/0b1f6471-1bf0-4dda-aec3-cb9272f09590/resourceGroups/testRg-1-3911/providers/Microsoft.Resources/deployments/deployEx-C-4221?api-version=2021-04-01",
      "RequestMethod": "PUT",
      "RequestHeaders": {
        "Accept": "application/json",
        "Authorization": "Sanitized",
        "Content-Length": "1480",
        "Content-Type": "application/json",
        "traceparent": "00-8fea0c674e4254e391a5c0a597419de6-cb87bd1e01c16b86-00",
        "User-Agent": "azsdk-net-ResourceManager.Resources/1.2.0-alpha.20220623.1 (.NET 6.0.6; Microsoft Windows 10.0.19044)",
        "x-ms-client-request-id": "c0247bc95980d3ec1e70d82d56f00d28",
        "x-ms-return-client-request-id": "true"
      },
      "RequestBody": {
        "properties": {
          "template": {
            "$schema": "https://schema.management.azure.com/schemas/2019-04-01/deploymentTemplate.json#",
            "contentVersion": "1.0.0.0",
            "metadata": {
              "_generator": {
                "name": "bicep",
                "version": "0.4.1008.15138",
                "templateHash": "104821603399126558"
              }
            },
            "parameters": {
              "storageAccountType": {
                "type": "string",
                "defaultValue": "Standard_LRS",
                "allowedValues": [
                  "Premium_LRS",
                  "Premium_ZRS",
                  "Standard_GRS",
                  "Standard_GZRS",
                  "Standard_LRS",
                  "Standard_RAGRS",
                  "Standard_RAGZRS",
                  "Standard_ZRS"
                ],
                "metadata": {
                  "description": "Storage Account type"
                }
              },
              "location": {
                "type": "string",
                "defaultValue": "[resourceGroup().location]",
                "metadata": {
                  "description": "Location for all resources."
                }
              },
              "storageAccountName": {
                "type": "string",
                "defaultValue": "[format(\u0027store{0}\u0027, uniqueString(resourceGroup().id))]",
                "metadata": {
                  "description": "The name of the Storage Account"
                }
              }
            },
            "functions": [],
            "resources": [
              {
                "type": "Microsoft.Storage/storageAccounts",
                "apiVersion": "2021-04-01",
                "name": "[parameters(\u0027storageAccountName\u0027)]",
                "location": "[parameters(\u0027location\u0027)]",
                "sku": {
                  "name": "[parameters(\u0027storageAccountType\u0027)]"
                },
                "kind": "StorageV2",
                "properties": {}
              }
            ],
            "outputs": {
              "storageAccountName": {
                "type": "string",
                "value": "[parameters(\u0027storageAccountName\u0027)]"
              },
              "storageAccountId": {
                "type": "string",
                "value": "[resourceId(\u0027Microsoft.Storage/storageAccounts\u0027, parameters(\u0027storageAccountName\u0027))]"
              }
            }
          },
          "parameters": {
            "storageAccountType": {
              "value": "Standard_GRS"
            }
          },
          "mode": "Incremental"
        }
      },
      "StatusCode": 201,
      "ResponseHeaders": {
        "Azure-AsyncOperation": "https://management.azure.com/subscriptions/0b1f6471-1bf0-4dda-aec3-cb9272f09590/resourcegroups/testRg-1-3911/providers/Microsoft.Resources/deployments/deployEx-C-4221/operationStatuses/08585456546826491580?api-version=2021-04-01",
        "Cache-Control": "no-cache",
        "Content-Length": "774",
        "Content-Type": "application/json; charset=utf-8",
        "Date": "Thu, 23 Jun 2022 02:43:37 GMT",
        "Expires": "-1",
        "Pragma": "no-cache",
        "Strict-Transport-Security": "max-age=31536000; includeSubDomains",
        "X-Content-Type-Options": "nosniff",
        "x-ms-correlation-request-id": "2b098957-fb46-4a5c-9226-bdc4a07b5b64",
        "x-ms-ratelimit-remaining-subscription-writes": "1147",
        "x-ms-request-id": "2b098957-fb46-4a5c-9226-bdc4a07b5b64",
        "x-ms-routing-request-id": "SOUTHEASTASIA:20220623T024337Z:2b098957-fb46-4a5c-9226-bdc4a07b5b64"
      },
      "ResponseBody": {
        "id": "/subscriptions/0b1f6471-1bf0-4dda-aec3-cb9272f09590/resourceGroups/testRg-1-3911/providers/Microsoft.Resources/deployments/deployEx-C-4221",
        "name": "deployEx-C-4221",
        "type": "Microsoft.Resources/deployments",
        "properties": {
          "templateHash": "104821603399126558",
          "parameters": {
            "storageAccountType": {
              "type": "String",
              "value": "Standard_GRS"
            },
            "location": {
              "type": "String",
              "value": "westus2"
            },
            "storageAccountName": {
              "type": "String",
              "value": "storesueoow7ciy2b6"
            }
          },
          "mode": "Incremental",
          "provisioningState": "Accepted",
          "timestamp": "2022-06-23T02:43:36.538367Z",
          "duration": "PT0.0001012S",
          "correlationId": "2b098957-fb46-4a5c-9226-bdc4a07b5b64",
          "providers": [
            {
              "namespace": "Microsoft.Storage",
              "resourceTypes": [
                {
                  "resourceType": "storageAccounts",
                  "locations": [
                    "westus2"
                  ]
                }
              ]
            }
          ],
          "dependencies": []
        }
      }
    },
    {
      "RequestUri": "https://management.azure.com/subscriptions/0b1f6471-1bf0-4dda-aec3-cb9272f09590/resourcegroups/testRg-1-3911/providers/Microsoft.Resources/deployments/deployEx-C-4221/operationStatuses/08585456546826491580?api-version=2021-04-01",
      "RequestMethod": "GET",
      "RequestHeaders": {
        "Authorization": "Sanitized",
        "traceparent": "00-8fea0c674e4254e391a5c0a597419de6-2f7e25b21bb1147a-00",
        "User-Agent": "azsdk-net-ResourceManager/1.1.0-alpha.20220622.5 (.NET 6.0.6; Microsoft Windows 10.0.19044)",
        "x-ms-client-request-id": "fc143014d408058a87913c502f6dbfce",
        "x-ms-return-client-request-id": "true"
      },
      "RequestBody": null,
      "StatusCode": 200,
      "ResponseHeaders": {
        "Cache-Control": "no-cache",
        "Content-Length": "21",
        "Content-Type": "application/json; charset=utf-8",
        "Date": "Thu, 23 Jun 2022 02:43:38 GMT",
        "Expires": "-1",
        "Pragma": "no-cache",
        "Strict-Transport-Security": "max-age=31536000; includeSubDomains",
        "X-Content-Type-Options": "nosniff",
        "x-ms-correlation-request-id": "617030c7-449f-406f-8356-9d6dbaad0405",
        "x-ms-ratelimit-remaining-subscription-reads": "11814",
        "x-ms-request-id": "617030c7-449f-406f-8356-9d6dbaad0405",
        "x-ms-routing-request-id": "SOUTHEASTASIA:20220623T024338Z:617030c7-449f-406f-8356-9d6dbaad0405"
      },
      "ResponseBody": {
        "status": "Accepted"
      }
    },
    {
      "RequestUri": "https://management.azure.com/subscriptions/0b1f6471-1bf0-4dda-aec3-cb9272f09590/resourcegroups/testRg-1-3911/providers/Microsoft.Resources/deployments/deployEx-C-4221/operationStatuses/08585456546826491580?api-version=2021-04-01",
      "RequestMethod": "GET",
      "RequestHeaders": {
        "Authorization": "Sanitized",
        "traceparent": "00-8fea0c674e4254e391a5c0a597419de6-6b7f9bb15aa21ba0-00",
        "User-Agent": "azsdk-net-ResourceManager/1.1.0-alpha.20220622.5 (.NET 6.0.6; Microsoft Windows 10.0.19044)",
        "x-ms-client-request-id": "fcc316d4de8989271f5a9189b450870b",
        "x-ms-return-client-request-id": "true"
      },
      "RequestBody": null,
      "StatusCode": 200,
      "ResponseHeaders": {
        "Cache-Control": "no-cache",
        "Content-Length": "20",
        "Content-Type": "application/json; charset=utf-8",
        "Date": "Thu, 23 Jun 2022 02:43:39 GMT",
        "Expires": "-1",
        "Pragma": "no-cache",
        "Strict-Transport-Security": "max-age=31536000; includeSubDomains",
        "X-Content-Type-Options": "nosniff",
        "x-ms-correlation-request-id": "72d86ded-dd36-4ee5-a53a-3e7d7cc55340",
        "x-ms-ratelimit-remaining-subscription-reads": "11813",
        "x-ms-request-id": "72d86ded-dd36-4ee5-a53a-3e7d7cc55340",
        "x-ms-routing-request-id": "SOUTHEASTASIA:20220623T024339Z:72d86ded-dd36-4ee5-a53a-3e7d7cc55340"
      },
      "ResponseBody": {
        "status": "Running"
      }
    },
    {
      "RequestUri": "https://management.azure.com/subscriptions/0b1f6471-1bf0-4dda-aec3-cb9272f09590/resourcegroups/testRg-1-3911/providers/Microsoft.Resources/deployments/deployEx-C-4221/operationStatuses/08585456546826491580?api-version=2021-04-01",
      "RequestMethod": "GET",
      "RequestHeaders": {
        "Authorization": "Sanitized",
        "traceparent": "00-8fea0c674e4254e391a5c0a597419de6-58f1031287f8c36c-00",
        "User-Agent": "azsdk-net-ResourceManager/1.1.0-alpha.20220622.5 (.NET 6.0.6; Microsoft Windows 10.0.19044)",
        "x-ms-client-request-id": "2618636f10dcbc1ff83fd2e9040a9bc1",
        "x-ms-return-client-request-id": "true"
      },
      "RequestBody": null,
      "StatusCode": 200,
      "ResponseHeaders": {
        "Cache-Control": "no-cache",
        "Content-Length": "20",
        "Content-Type": "application/json; charset=utf-8",
        "Date": "Thu, 23 Jun 2022 02:43:41 GMT",
        "Expires": "-1",
        "Pragma": "no-cache",
        "Strict-Transport-Security": "max-age=31536000; includeSubDomains",
        "X-Content-Type-Options": "nosniff",
        "x-ms-correlation-request-id": "a4b0559f-3774-41d1-895f-3fa6e03e97a8",
        "x-ms-ratelimit-remaining-subscription-reads": "11812",
        "x-ms-request-id": "a4b0559f-3774-41d1-895f-3fa6e03e97a8",
        "x-ms-routing-request-id": "SOUTHEASTASIA:20220623T024341Z:a4b0559f-3774-41d1-895f-3fa6e03e97a8"
      },
      "ResponseBody": {
        "status": "Running"
      }
    },
    {
      "RequestUri": "https://management.azure.com/subscriptions/0b1f6471-1bf0-4dda-aec3-cb9272f09590/resourcegroups/testRg-1-3911/providers/Microsoft.Resources/deployments/deployEx-C-4221/operationStatuses/08585456546826491580?api-version=2021-04-01",
      "RequestMethod": "GET",
      "RequestHeaders": {
        "Authorization": "Sanitized",
        "traceparent": "00-8fea0c674e4254e391a5c0a597419de6-c4495c606674b096-00",
        "User-Agent": "azsdk-net-ResourceManager/1.1.0-alpha.20220622.5 (.NET 6.0.6; Microsoft Windows 10.0.19044)",
        "x-ms-client-request-id": "35c8d637045035ea088bddae43015037",
        "x-ms-return-client-request-id": "true"
      },
      "RequestBody": null,
      "StatusCode": 200,
      "ResponseHeaders": {
        "Cache-Control": "no-cache",
        "Content-Length": "20",
        "Content-Type": "application/json; charset=utf-8",
        "Date": "Thu, 23 Jun 2022 02:43:42 GMT",
        "Expires": "-1",
        "Pragma": "no-cache",
        "Strict-Transport-Security": "max-age=31536000; includeSubDomains",
        "X-Content-Type-Options": "nosniff",
        "x-ms-correlation-request-id": "2960ae31-715a-4111-b7f2-96bbe1aca3f0",
        "x-ms-ratelimit-remaining-subscription-reads": "11811",
        "x-ms-request-id": "2960ae31-715a-4111-b7f2-96bbe1aca3f0",
        "x-ms-routing-request-id": "SOUTHEASTASIA:20220623T024342Z:2960ae31-715a-4111-b7f2-96bbe1aca3f0"
      },
      "ResponseBody": {
        "status": "Running"
      }
    },
    {
      "RequestUri": "https://management.azure.com/subscriptions/0b1f6471-1bf0-4dda-aec3-cb9272f09590/resourcegroups/testRg-1-3911/providers/Microsoft.Resources/deployments/deployEx-C-4221/operationStatuses/08585456546826491580?api-version=2021-04-01",
      "RequestMethod": "GET",
      "RequestHeaders": {
        "Authorization": "Sanitized",
        "traceparent": "00-8fea0c674e4254e391a5c0a597419de6-09ff2398fe2f07e7-00",
        "User-Agent": "azsdk-net-ResourceManager/1.1.0-alpha.20220622.5 (.NET 6.0.6; Microsoft Windows 10.0.19044)",
        "x-ms-client-request-id": "cce130099954c3f2f706034a0c3e8415",
        "x-ms-return-client-request-id": "true"
      },
      "RequestBody": null,
      "StatusCode": 200,
      "ResponseHeaders": {
        "Cache-Control": "no-cache",
        "Content-Length": "20",
        "Content-Type": "application/json; charset=utf-8",
        "Date": "Thu, 23 Jun 2022 02:43:44 GMT",
        "Expires": "-1",
        "Pragma": "no-cache",
        "Strict-Transport-Security": "max-age=31536000; includeSubDomains",
        "X-Content-Type-Options": "nosniff",
        "x-ms-correlation-request-id": "ce777f80-6fc4-42e0-b129-5ff27a319d5c",
        "x-ms-ratelimit-remaining-subscription-reads": "11810",
        "x-ms-request-id": "ce777f80-6fc4-42e0-b129-5ff27a319d5c",
        "x-ms-routing-request-id": "SOUTHEASTASIA:20220623T024345Z:ce777f80-6fc4-42e0-b129-5ff27a319d5c"
      },
      "ResponseBody": {
        "status": "Running"
      }
    },
    {
      "RequestUri": "https://management.azure.com/subscriptions/0b1f6471-1bf0-4dda-aec3-cb9272f09590/resourcegroups/testRg-1-3911/providers/Microsoft.Resources/deployments/deployEx-C-4221/operationStatuses/08585456546826491580?api-version=2021-04-01",
      "RequestMethod": "GET",
      "RequestHeaders": {
        "Authorization": "Sanitized",
        "traceparent": "00-8fea0c674e4254e391a5c0a597419de6-bbe5a850480f58ee-00",
        "User-Agent": "azsdk-net-ResourceManager/1.1.0-alpha.20220622.5 (.NET 6.0.6; Microsoft Windows 10.0.19044)",
        "x-ms-client-request-id": "de52cfbe52886aba78e21d51337178f7",
        "x-ms-return-client-request-id": "true"
      },
      "RequestBody": null,
      "StatusCode": 200,
      "ResponseHeaders": {
        "Cache-Control": "no-cache",
        "Content-Length": "20",
        "Content-Type": "application/json; charset=utf-8",
        "Date": "Thu, 23 Jun 2022 02:43:49 GMT",
        "Expires": "-1",
        "Pragma": "no-cache",
        "Strict-Transport-Security": "max-age=31536000; includeSubDomains",
        "X-Content-Type-Options": "nosniff",
        "x-ms-correlation-request-id": "dbee9b52-8876-4791-9336-54c21e255ace",
        "x-ms-ratelimit-remaining-subscription-reads": "11809",
        "x-ms-request-id": "dbee9b52-8876-4791-9336-54c21e255ace",
        "x-ms-routing-request-id": "SOUTHEASTASIA:20220623T024349Z:dbee9b52-8876-4791-9336-54c21e255ace"
      },
      "ResponseBody": {
        "status": "Running"
      }
    },
    {
      "RequestUri": "https://management.azure.com/subscriptions/0b1f6471-1bf0-4dda-aec3-cb9272f09590/resourcegroups/testRg-1-3911/providers/Microsoft.Resources/deployments/deployEx-C-4221/operationStatuses/08585456546826491580?api-version=2021-04-01",
      "RequestMethod": "GET",
      "RequestHeaders": {
        "Authorization": "Sanitized",
        "traceparent": "00-8fea0c674e4254e391a5c0a597419de6-6fca43cbcfbd4d76-00",
        "User-Agent": "azsdk-net-ResourceManager/1.1.0-alpha.20220622.5 (.NET 6.0.6; Microsoft Windows 10.0.19044)",
        "x-ms-client-request-id": "d3df9beecf299d6ce4043e4a00a029ca",
        "x-ms-return-client-request-id": "true"
      },
      "RequestBody": null,
      "StatusCode": 200,
      "ResponseHeaders": {
        "Cache-Control": "no-cache",
        "Content-Length": "20",
        "Content-Type": "application/json; charset=utf-8",
        "Date": "Thu, 23 Jun 2022 02:43:57 GMT",
        "Expires": "-1",
        "Pragma": "no-cache",
        "Strict-Transport-Security": "max-age=31536000; includeSubDomains",
        "X-Content-Type-Options": "nosniff",
        "x-ms-correlation-request-id": "c1111587-ca2f-47bb-b26a-c44e00dc867e",
        "x-ms-ratelimit-remaining-subscription-reads": "11808",
        "x-ms-request-id": "c1111587-ca2f-47bb-b26a-c44e00dc867e",
        "x-ms-routing-request-id": "SOUTHEASTASIA:20220623T024357Z:c1111587-ca2f-47bb-b26a-c44e00dc867e"
      },
      "ResponseBody": {
        "status": "Running"
      }
    },
    {
      "RequestUri": "https://management.azure.com/subscriptions/0b1f6471-1bf0-4dda-aec3-cb9272f09590/resourcegroups/testRg-1-3911/providers/Microsoft.Resources/deployments/deployEx-C-4221/operationStatuses/08585456546826491580?api-version=2021-04-01",
      "RequestMethod": "GET",
      "RequestHeaders": {
        "Authorization": "Sanitized",
        "traceparent": "00-8fea0c674e4254e391a5c0a597419de6-eb2d128d3c123144-00",
        "User-Agent": "azsdk-net-ResourceManager/1.1.0-alpha.20220622.5 (.NET 6.0.6; Microsoft Windows 10.0.19044)",
        "x-ms-client-request-id": "74efc70672aeb7af757653717ba08f85",
        "x-ms-return-client-request-id": "true"
      },
      "RequestBody": null,
      "StatusCode": 200,
      "ResponseHeaders": {
        "Cache-Control": "no-cache",
        "Content-Length": "22",
        "Content-Type": "application/json; charset=utf-8",
        "Date": "Thu, 23 Jun 2022 02:44:13 GMT",
        "Expires": "-1",
        "Pragma": "no-cache",
        "Strict-Transport-Security": "max-age=31536000; includeSubDomains",
        "X-Content-Type-Options": "nosniff",
        "x-ms-correlation-request-id": "c5909cf2-0afe-4856-9f5d-08a5cfbb6007",
        "x-ms-ratelimit-remaining-subscription-reads": "11807",
        "x-ms-request-id": "c5909cf2-0afe-4856-9f5d-08a5cfbb6007",
        "x-ms-routing-request-id": "SOUTHEASTASIA:20220623T024414Z:c5909cf2-0afe-4856-9f5d-08a5cfbb6007"
      },
      "ResponseBody": {
        "status": "Succeeded"
      }
    },
    {
      "RequestUri": "https://management.azure.com/subscriptions/0b1f6471-1bf0-4dda-aec3-cb9272f09590/resourceGroups/testRg-1-3911/providers/Microsoft.Resources/deployments/deployEx-C-4221?api-version=2021-04-01",
      "RequestMethod": "GET",
      "RequestHeaders": {
        "Authorization": "Sanitized",
        "traceparent": "00-8fea0c674e4254e391a5c0a597419de6-3a9fc767e01b89f5-00",
        "User-Agent": "azsdk-net-ResourceManager/1.1.0-alpha.20220622.5 (.NET 6.0.6; Microsoft Windows 10.0.19044)",
        "x-ms-client-request-id": "705c0c8db15eefec62b4f98314706ad8",
        "x-ms-return-client-request-id": "true"
      },
      "RequestBody": null,
      "StatusCode": 200,
      "ResponseHeaders": {
        "Cache-Control": "no-cache",
        "Content-Length": "1221",
        "Content-Type": "application/json; charset=utf-8",
        "Date": "Thu, 23 Jun 2022 02:44:14 GMT",
        "Expires": "-1",
        "Pragma": "no-cache",
        "Strict-Transport-Security": "max-age=31536000; includeSubDomains",
        "X-Content-Type-Options": "nosniff",
        "x-ms-correlation-request-id": "8c8084a7-7670-4916-8e70-e5dbdc380445",
        "x-ms-ratelimit-remaining-subscription-reads": "11806",
        "x-ms-request-id": "8c8084a7-7670-4916-8e70-e5dbdc380445",
        "x-ms-routing-request-id": "SOUTHEASTASIA:20220623T024415Z:8c8084a7-7670-4916-8e70-e5dbdc380445"
      },
      "ResponseBody": {
        "id": "/subscriptions/0b1f6471-1bf0-4dda-aec3-cb9272f09590/resourceGroups/testRg-1-3911/providers/Microsoft.Resources/deployments/deployEx-C-4221",
        "name": "deployEx-C-4221",
        "type": "Microsoft.Resources/deployments",
        "properties": {
          "templateHash": "104821603399126558",
          "parameters": {
            "storageAccountType": {
              "type": "String",
              "value": "Standard_GRS"
            },
            "location": {
              "type": "String",
              "value": "westus2"
            },
            "storageAccountName": {
              "type": "String",
              "value": "storesueoow7ciy2b6"
            }
          },
          "mode": "Incremental",
          "provisioningState": "Succeeded",
          "timestamp": "2022-06-23T02:44:08.3397094Z",
          "duration": "PT31.8014436S",
          "correlationId": "2b098957-fb46-4a5c-9226-bdc4a07b5b64",
          "providers": [
            {
              "namespace": "Microsoft.Storage",
              "resourceTypes": [
                {
                  "resourceType": "storageAccounts",
                  "locations": [
                    "westus2"
                  ]
                }
              ]
            }
          ],
          "dependencies": [],
          "outputs": {
            "storageAccountName": {
              "type": "String",
              "value": "storesueoow7ciy2b6"
            },
            "storageAccountId": {
              "type": "String",
              "value": "/subscriptions/0b1f6471-1bf0-4dda-aec3-cb9272f09590/resourceGroups/testRg-1-3911/providers/Microsoft.Storage/storageAccounts/storesueoow7ciy2b6"
            }
          },
          "outputResources": [
            {
              "id": "/subscriptions/0b1f6471-1bf0-4dda-aec3-cb9272f09590/resourceGroups/testRg-1-3911/providers/Microsoft.Storage/storageAccounts/storesueoow7ciy2b6"
            }
          ]
        }
      }
    }
  ],
  "Variables": {
    "RandomSeed": "1722713016",
    "RESOURCE_MANAGER_URL": "https://management.azure.com/",
    "SUBSCRIPTION_ID": "0b1f6471-1bf0-4dda-aec3-cb9272f09590"
  }
}
