{
  "Entries": [
    {
      "RequestUri": "https://management.azure.com/subscriptions/0b1f6471-1bf0-4dda-aec3-cb9272f09590?api-version=2021-01-01",
      "RequestMethod": "GET",
      "RequestHeaders": {
        "Accept": "application/json",
        "Authorization": "Sanitized",
        "traceparent": "00-fd5cce2a7e18266e74f4753cdca90707-480143ec8bf51527-00",
        "User-Agent": "azsdk-net-ResourceManager/1.1.0-alpha.20220622.5 (.NET 6.0.6; Microsoft Windows 10.0.19044)",
        "x-ms-client-request-id": "6f688dad469a6b5bb459ea7bd1fb0a32",
        "x-ms-return-client-request-id": "true"
      },
      "RequestBody": null,
      "StatusCode": 200,
      "ResponseHeaders": {
        "Cache-Control": "no-cache",
        "Content-Length": "453",
        "Content-Type": "application/json; charset=utf-8",
        "Date": "Thu, 23 Jun 2022 02:48:14 GMT",
        "Expires": "-1",
        "Pragma": "no-cache",
        "Strict-Transport-Security": "max-age=31536000; includeSubDomains",
        "X-Content-Type-Options": "nosniff",
        "x-ms-correlation-request-id": "cd62974b-d77a-428d-a6a3-9be609873ff5",
        "x-ms-ratelimit-remaining-subscription-reads": "11741",
        "x-ms-request-id": "cd62974b-d77a-428d-a6a3-9be609873ff5",
        "x-ms-routing-request-id": "SOUTHEASTASIA:20220623T024814Z:cd62974b-d77a-428d-a6a3-9be609873ff5"
      },
      "ResponseBody": {
        "id": "/subscriptions/0b1f6471-1bf0-4dda-aec3-cb9272f09590",
        "authorizationSource": "RoleBased",
        "managedByTenants": [
          {
            "tenantId": "2f4a9838-26b7-47ee-be60-ccc1fdec5953"
          }
        ],
        "tags": {},
        "subscriptionId": "0b1f6471-1bf0-4dda-aec3-cb9272f09590",
        "tenantId": "54826b22-38d6-4fb2-bad9-b7b93a3e9c5a",
        "displayName": "AzureSDKTest",
        "state": "Enabled",
        "subscriptionPolicies": {
          "locationPlacementId": "Internal_2014-09-01",
          "quotaId": "Internal_2014-09-01",
          "spendingLimit": "Off"
        }
      }
    },
    {
      "RequestUri": "https://management.azure.com/subscriptions/0b1f6471-1bf0-4dda-aec3-cb9272f09590/providers/Microsoft.Resources/deployments/deployEx-C-1430?api-version=2021-04-01",
      "RequestMethod": "PUT",
      "RequestHeaders": {
        "Accept": "application/json",
        "Authorization": "Sanitized",
        "Content-Length": "279",
        "Content-Type": "application/json",
        "traceparent": "00-b1010973a8d50a47ec38c8266c273de3-7c3877adcc712751-00",
        "User-Agent": "azsdk-net-ResourceManager.Resources/1.2.0-alpha.20220623.1 (.NET 6.0.6; Microsoft Windows 10.0.19044)",
        "x-ms-client-request-id": "5d6d94c25cc8cecaba4cea0c92a58746",
        "x-ms-return-client-request-id": "true"
      },
      "RequestBody": {
        "location": "japaneast",
        "properties": {
          "templateLink": {
            "uri": "https://raw.githubusercontent.com/Azure/azure-docs-json-samples/master/azure-resource-manager/emptyrg.json"
          },
          "parameters": {
            "rgName": {
              "value": "testDeployAtSub"
            },
            "rgLocation": {
              "value": "centralus"
            }
          },
          "mode": "Incremental"
        }
      },
      "StatusCode": 201,
      "ResponseHeaders": {
        "Azure-AsyncOperation": "https://management.azure.com/subscriptions/0b1f6471-1bf0-4dda-aec3-cb9272f09590/providers/Microsoft.Resources/deployments/deployEx-C-1430/operationStatuses/08585456543873068638?api-version=2021-04-01",
        "Cache-Control": "no-cache",
        "Content-Length": "896",
        "Content-Type": "application/json; charset=utf-8",
        "Date": "Thu, 23 Jun 2022 02:48:20 GMT",
        "Expires": "-1",
        "Pragma": "no-cache",
        "Strict-Transport-Security": "max-age=31536000; includeSubDomains",
        "X-Content-Type-Options": "nosniff",
        "x-ms-correlation-request-id": "291fb81a-d504-41cc-9c7e-84d928c86b68",
        "x-ms-ratelimit-remaining-subscription-writes": "1135",
        "x-ms-request-id": "291fb81a-d504-41cc-9c7e-84d928c86b68",
        "x-ms-routing-request-id": "SOUTHEASTASIA:20220623T024820Z:291fb81a-d504-41cc-9c7e-84d928c86b68"
      },
      "ResponseBody": {
        "id": "/subscriptions/0b1f6471-1bf0-4dda-aec3-cb9272f09590/providers/Microsoft.Resources/deployments/deployEx-C-1430",
        "name": "deployEx-C-1430",
        "type": "Microsoft.Resources/deployments",
        "location": "japaneast",
        "properties": {
          "templateLink": {
            "uri": "https://raw.githubusercontent.com/Azure/azure-docs-json-samples/master/azure-resource-manager/emptyrg.json",
            "contentVersion": "1.0.0.1"
          },
          "templateHash": "15390789232182789648",
          "parameters": {
            "rgName": {
              "type": "String",
              "value": "testDeployAtSub"
            },
            "rgLocation": {
              "type": "String",
              "value": "centralus"
            },
            "tags": {
              "type": "Object",
              "value": {}
            }
          },
          "mode": "Incremental",
          "provisioningState": "Accepted",
          "timestamp": "2022-06-23T02:48:20.3943196Z",
          "duration": "PT0.0002414S",
          "correlationId": "291fb81a-d504-41cc-9c7e-84d928c86b68",
          "providers": [
            {
              "namespace": "Microsoft.Resources",
              "resourceTypes": [
                {
                  "resourceType": "resourceGroups",
                  "locations": [
                    "centralus"
                  ]
                }
              ]
            }
          ],
          "dependencies": []
        }
      }
    },
    {
      "RequestUri": "https://management.azure.com/subscriptions/0b1f6471-1bf0-4dda-aec3-cb9272f09590/providers/Microsoft.Resources/deployments/deployEx-C-1430/operationStatuses/08585456543873068638?api-version=2021-04-01",
      "RequestMethod": "GET",
      "RequestHeaders": {
        "Authorization": "Sanitized",
        "traceparent": "00-b1010973a8d50a47ec38c8266c273de3-6f073913e25c4b94-00",
        "User-Agent": "azsdk-net-ResourceManager/1.1.0-alpha.20220622.5 (.NET 6.0.6; Microsoft Windows 10.0.19044)",
        "x-ms-client-request-id": "cd09dc56551931e59da0dffa705f22b4",
        "x-ms-return-client-request-id": "true"
      },
      "RequestBody": null,
      "StatusCode": 200,
      "ResponseHeaders": {
        "Cache-Control": "no-cache",
        "Content-Length": "21",
        "Content-Type": "application/json; charset=utf-8",
        "Date": "Thu, 23 Jun 2022 02:48:21 GMT",
        "Expires": "-1",
        "Pragma": "no-cache",
        "Strict-Transport-Security": "max-age=31536000; includeSubDomains",
        "X-Content-Type-Options": "nosniff",
        "x-ms-correlation-request-id": "29ae0db2-25fe-49bf-8a93-48e06cfbff8e",
        "x-ms-ratelimit-remaining-subscription-reads": "11740",
        "x-ms-request-id": "29ae0db2-25fe-49bf-8a93-48e06cfbff8e",
        "x-ms-routing-request-id": "SOUTHEASTASIA:20220623T024821Z:29ae0db2-25fe-49bf-8a93-48e06cfbff8e"
      },
      "ResponseBody": {
        "status": "Accepted"
      }
    },
    {
      "RequestUri": "https://management.azure.com/subscriptions/0b1f6471-1bf0-4dda-aec3-cb9272f09590/providers/Microsoft.Resources/deployments/deployEx-C-1430/operationStatuses/08585456543873068638?api-version=2021-04-01",
      "RequestMethod": "GET",
      "RequestHeaders": {
        "Authorization": "Sanitized",
        "traceparent": "00-b1010973a8d50a47ec38c8266c273de3-ec5fe8145f61b2ee-00",
        "User-Agent": "azsdk-net-ResourceManager/1.1.0-alpha.20220622.5 (.NET 6.0.6; Microsoft Windows 10.0.19044)",
        "x-ms-client-request-id": "d0fa35624107b64644b977fdcd6a793a",
        "x-ms-return-client-request-id": "true"
      },
      "RequestBody": null,
      "StatusCode": 200,
      "ResponseHeaders": {
        "Cache-Control": "no-cache",
        "Content-Length": "20",
        "Content-Type": "application/json; charset=utf-8",
        "Date": "Thu, 23 Jun 2022 02:48:22 GMT",
        "Expires": "-1",
        "Pragma": "no-cache",
        "Strict-Transport-Security": "max-age=31536000; includeSubDomains",
        "X-Content-Type-Options": "nosniff",
        "x-ms-correlation-request-id": "deea12d3-62b7-4884-af5c-41592d8b2f01",
        "x-ms-ratelimit-remaining-subscription-reads": "11739",
        "x-ms-request-id": "deea12d3-62b7-4884-af5c-41592d8b2f01",
        "x-ms-routing-request-id": "SOUTHEASTASIA:20220623T024823Z:deea12d3-62b7-4884-af5c-41592d8b2f01"
      },
      "ResponseBody": {
        "status": "Running"
      }
    },
    {
      "RequestUri": "https://management.azure.com/subscriptions/0b1f6471-1bf0-4dda-aec3-cb9272f09590/providers/Microsoft.Resources/deployments/deployEx-C-1430/operationStatuses/08585456543873068638?api-version=2021-04-01",
      "RequestMethod": "GET",
      "RequestHeaders": {
        "Authorization": "Sanitized",
        "traceparent": "00-b1010973a8d50a47ec38c8266c273de3-461826f1e034ae9b-00",
        "User-Agent": "azsdk-net-ResourceManager/1.1.0-alpha.20220622.5 (.NET 6.0.6; Microsoft Windows 10.0.19044)",
        "x-ms-client-request-id": "b5b6d0c8b99b812c45d253df2c564486",
        "x-ms-return-client-request-id": "true"
      },
      "RequestBody": null,
      "StatusCode": 200,
      "ResponseHeaders": {
        "Cache-Control": "no-cache",
        "Content-Length": "22",
        "Content-Type": "application/json; charset=utf-8",
        "Date": "Thu, 23 Jun 2022 02:48:24 GMT",
        "Expires": "-1",
        "Pragma": "no-cache",
        "Strict-Transport-Security": "max-age=31536000; includeSubDomains",
        "X-Content-Type-Options": "nosniff",
        "x-ms-correlation-request-id": "2bd001e3-32a1-47a0-adb7-dfa283c169b6",
        "x-ms-ratelimit-remaining-subscription-reads": "11738",
        "x-ms-request-id": "2bd001e3-32a1-47a0-adb7-dfa283c169b6",
        "x-ms-routing-request-id": "SOUTHEASTASIA:20220623T024824Z:2bd001e3-32a1-47a0-adb7-dfa283c169b6"
      },
      "ResponseBody": {
        "status": "Succeeded"
      }
    },
    {
      "RequestUri": "https://management.azure.com/subscriptions/0b1f6471-1bf0-4dda-aec3-cb9272f09590/providers/Microsoft.Resources/deployments/deployEx-C-1430?api-version=2021-04-01",
      "RequestMethod": "GET",
      "RequestHeaders": {
        "Authorization": "Sanitized",
        "traceparent": "00-b1010973a8d50a47ec38c8266c273de3-33ab97b4fa73c2c3-00",
        "User-Agent": "azsdk-net-ResourceManager/1.1.0-alpha.20220622.5 (.NET 6.0.6; Microsoft Windows 10.0.19044)",
        "x-ms-client-request-id": "1ffddba8b286141295538960dee76332",
        "x-ms-return-client-request-id": "true"
      },
      "RequestBody": null,
      "StatusCode": 200,
      "ResponseHeaders": {
        "Cache-Control": "no-cache",
        "Content-Length": "1022",
        "Content-Type": "application/json; charset=utf-8",
        "Date": "Thu, 23 Jun 2022 02:48:25 GMT",
        "Expires": "-1",
        "Pragma": "no-cache",
        "Strict-Transport-Security": "max-age=31536000; includeSubDomains",
        "X-Content-Type-Options": "nosniff",
        "x-ms-correlation-request-id": "aff9b45c-7eac-41a7-96d6-be1ed8b05343",
        "x-ms-ratelimit-remaining-subscription-reads": "11737",
        "x-ms-request-id": "aff9b45c-7eac-41a7-96d6-be1ed8b05343",
        "x-ms-routing-request-id": "SOUTHEASTASIA:20220623T024825Z:aff9b45c-7eac-41a7-96d6-be1ed8b05343"
      },
      "ResponseBody": {
        "id": "/subscriptions/0b1f6471-1bf0-4dda-aec3-cb9272f09590/providers/Microsoft.Resources/deployments/deployEx-C-1430",
        "name": "deployEx-C-1430",
        "type": "Microsoft.Resources/deployments",
        "location": "japaneast",
        "properties": {
          "templateLink": {
            "uri": "https://raw.githubusercontent.com/Azure/azure-docs-json-samples/master/azure-resource-manager/emptyrg.json",
            "contentVersion": "1.0.0.1"
          },
          "templateHash": "15390789232182789648",
          "parameters": {
            "rgName": {
              "type": "String",
              "value": "testDeployAtSub"
            },
            "rgLocation": {
              "type": "String",
              "value": "centralus"
            },
            "tags": {
              "type": "Object",
              "value": {}
            }
          },
          "mode": "Incremental",
          "provisioningState": "Succeeded",
          "timestamp": "2022-06-23T02:48:23.9175167Z",
          "duration": "PT3.5234385S",
          "correlationId": "291fb81a-d504-41cc-9c7e-84d928c86b68",
          "providers": [
            {
              "namespace": "Microsoft.Resources",
              "resourceTypes": [
                {
                  "resourceType": "resourceGroups",
                  "locations": [
                    "centralus"
                  ]
                }
              ]
            }
          ],
          "dependencies": [],
          "outputs": {},
          "outputResources": [
            {
              "id": "/subscriptions/0b1f6471-1bf0-4dda-aec3-cb9272f09590/resourceGroups/testDeployAtSub"
            }
          ]
        }
      }
    }
  ],
  "Variables": {
    "RandomSeed": "564752054",
    "RESOURCE_MANAGER_URL": "https://management.azure.com/",
    "SUBSCRIPTION_ID": "0b1f6471-1bf0-4dda-aec3-cb9272f09590"
  }
}
